// Jest Snapshot v1, https://goo.gl/fbAQLP

exports[`Input Component should render and change the Input component 1`] = `
<input
  class="input undefined"
  type="text"
  value="any_value"
/>
`;
